16:38:11 **** Incremental Build of configuration Debug for project Timer_LED_Scanning ****
make -j12 all 
arm-none-eabi-gcc "../Core/Src/led_matrix.c" -mcpu=cortex-m3 -std=gnu11 -g3 -DDEBUG -DUSE_HAL_DRIVER -DSTM32F103x6 -c -I../Core/Inc -I../Drivers/STM32F1xx_HAL_Driver/Inc -I../Drivers/STM32F1xx_HAL_Driver/Inc/Legacy -I../Drivers/CMSIS/Device/ST/STM32F1xx/Include -I../Drivers/CMSIS/Include -O0 -ffunction-sections -fdata-sections -Wall -fstack-usage -MMD -MP -MF"Core/Src/led_matrix.d" -MT"Core/Src/led_matrix.o" --specs=nano.specs -mfloat-abi=soft -mthumb -o "Core/Src/led_matrix.o"
arm-none-eabi-gcc -o "Timer_LED_Scanning.elf" @"objects.list"   -mcpu=cortex-m3 -T"D:\HCMUT\KNOWLEDGE\Github\HCMUT\Team\CO3009-Lab2\CO3009-Lab2\Cube\Timer_LED_Scanning\STM32F103C6TX_FLASH.ld" --specs=nosys.specs -Wl,-Map="Timer_LED_Scanning.map" -Wl,--gc-sections -static --specs=nano.specs -mfloat-abi=soft -mthumb -Wl,--start-group -lc -lm -Wl,--end-group
Finished building target: Timer_LED_Scanning.elf
 
arm-none-eabi-size   Timer_LED_Scanning.elf 
arm-none-eabi-objdump -h -S  Timer_LED_Scanning.elf  > "Timer_LED_Scanning.list"
arm-none-eabi-objcopy  -O ihex  Timer_LED_Scanning.elf  "Timer_LED_Scanning.hex"
arm-none-eabi-objcopy  -O binary  Timer_LED_Scanning.elf  "Timer_LED_Scanning.bin"
   text	   data	    bss	    dec	    hex	filename
   8648	    144	   1808	  10600	   2968	Timer_LED_Scanning.elf
Finished building: default.size.stdout
 
Finished building: Timer_LED_Scanning.list
Finished building: Timer_LED_Scanning.hex
Finished building: Timer_LED_Scanning.bin
 
 
 
